PS C:\Users\s_shi> cd C:\Users\s_shi\Desktop
PS C:\Users\s_shi\Desktop> mkdir git_challenge


    ディレクトリ: C:\Users\s_shi\Desktop


Mode                 LastWriteTime         Length Name
----                 -------------         ------ ----
d-----        2025/03/14      0:40                git_challenge


PS C:\Users\s_shi\Desktop> cd git_challenge
PS C:\Users\s_shi\Desktop\git_challenge> git init
Initialized empty Git repository in C:/Users/s_shi/Desktop/git_challenge/.git/
PS C:\Users\s_shi\Desktop\git_challenge> git add hello_world.txt
PS C:\Users\s_shi\Desktop\git_challenge> git commit -m "hello_world.txtを追加"
[main (root-commit) cb397d3] hello_world.txtを追加
 1 file changed, 1 insertion(+)
 create mode 100644 hello_world.txt
PS C:\Users\s_shi\Desktop\git_challenge> git diff "C:\Users\s_shi\Desktop\git_challenge"
diff --git a/hello_world.txt b/hello_world.txt
index 2889c67..6a3a563 100644
--- a/hello_world.txt
+++ b/hello_world.txt
@@ -1 +1,2 @@
-Hello,world!
\ No newline at end of file
+Hello,world!
+こんにちは、世界！
\ No newline at end of file
PS C:\Users\s_shi\Desktop\git_challenge> git add hello_world.txt
PS C:\Users\s_shi\Desktop\git_challenge> git commit -m "日本語訳を追記"
[main 224b1d7] 日本語訳を追記
 1 file changed, 2 insertions(+), 1 deletion(-)
PS C:\Users\s_shi\Desktop\git_challenge> git log --oneline
224b1d7 (HEAD -> main) 日本語訳を追記
cb397d3 hello_world.txtを追加